The ``0-add_integer.py`` module
======================

Using ``add_integer``
-------------------

>>> add_integer = __import__("0-add_integer").add_integer

>>> add_integer(-2 ,3)
1

>>> add_integer(2)
100

>>> add_integer()
Traceback (most recent call last):
  File "<stdin>", line 1, in <module>
TypeError: add_integer() missing 1 required positional argument: 'a'

>>> add_integer('b', 32)
Traceback (most recent call last):
TypeError: a must be an integer

>>> add_integer('holberton', 1)
Traceback (most recent call last):
    raise TypeError('a must be an integer')
TypeError: a must be an integer

>>> add_integer(1, "h")
Traceback (most recent call last):
    raise TypeError('b must be an integer')
TypeError: b must be an integer

>>> add_integer(5, 10e+1000/-10e+1000)
Traceback (most recent call last):
...
ValueError: cannot convert float NaN to integer

>>> add_integer(10e+1000/-10e+1000, 5)
Traceback (most recent call last):
...
ValueError: cannot convert float NaN to integer

>>> add_integer(3.24, 4.5)
7

>>> add_integer(3.99, 3)
6

>>> add_integer(float('inf'), 89)
Traceback (most recent call last):
...
OverflowError: cannot convert float infinity to integer

>>> add_integer(89, -float('inf'))
Traceback (most recent call last):
...
OverflowError: cannot convert float infinity to integer
